<?php return array (
  0 => 'Symfony\\Bundle\\FrameworkBundle\\Controller\\AbstractController',
  1 => 'App\\Controller\\AlumnoController',
  2 => 'App\\Controller\\AsignaturaController',
  3 => 'App\\Controller\\AsistenciaController',
  4 => 'App\\Controller\\CalendarioClaseController',
  5 => 'App\\Controller\\CarrerasController',
  6 => 'App\\Controller\\ComisionController',
  7 => 'App\\Controller\\CorrelativaController',
  8 => 'App\\Controller\\CursadaController',
  9 => 'App\\Controller\\CursadaDocenteController',
  10 => 'App\\Controller\\CursoController',
  11 => 'App\\Controller\\DocenteController',
  12 => 'App\\Controller\\ExamenAlumnoController',
  13 => 'App\\Controller\\ExamenFinalController',
  14 => 'App\\Controller\\HabilitanteController',
  15 => 'App\\Controller\\HomeController',
  16 => 'App\\Controller\\HorarioController',
  17 => 'App\\Controller\\InscripcionFinalController',
  18 => 'App\\Controller\\InstitutoController',
  19 => 'App\\Controller\\LocalidadController',
  20 => 'App\\Controller\\ModalidadController',
  21 => 'App\\Controller\\NotaController',
  22 => 'App\\Controller\\PaisController',
  23 => 'App\\Controller\\PersonaController',
  24 => 'App\\Controller\\ProvinciaController',
  25 => 'App\\Controller\\RegionController',
  26 => 'App\\Controller\\RevistaController',
  27 => 'App\\Controller\\RolController',
  28 => 'App\\Controller\\SecurityController',
  29 => 'App\\Controller\\TecnicaturaController',
  30 => 'App\\Controller\\TelefonoController',
  31 => 'App\\Controller\\TituloController',
  32 => 'App\\Controller\\TurnoController',
  33 => 'App\\Controller\\UserController',
  34 => 'App\\Controller\\VistasController',
  35 => 'App\\Controller\\VistascursadaController',
  36 => 'App\\Controller\\VistasdocenteController',
  37 => 'App\\Controller\\VistasestudianteController',
  38 => 'App\\Controller\\VistasmesasController',
  39 => 'App\\Controller\\VistaspersonaController',
  40 => 'App\\Controller\\VistaspreinscriptosController',
  41 => 'App\\Entity\\Alumno',
  42 => 'App\\Entity\\Asignatura',
  43 => 'App\\Entity\\Asistencia',
  44 => 'App\\Entity\\CalendarioClase',
  45 => 'App\\Entity\\Carreras',
  46 => 'App\\Entity\\Comision',
  47 => 'App\\Entity\\Correlativa',
  48 => 'App\\Entity\\Cursada',
  49 => 'App\\Entity\\CursadaDocente',
  50 => 'App\\Entity\\Curso',
  51 => 'App\\Entity\\Docente',
  52 => 'App\\Entity\\ExamenAlumno',
  53 => 'App\\Entity\\ExamenFinal',
  54 => 'App\\Entity\\Habilitante',
  55 => 'App\\Entity\\Horario',
  56 => 'App\\Entity\\InscripcionFinal',
  57 => 'App\\Entity\\Instituto',
  58 => 'App\\Entity\\Localidad',
  59 => 'App\\Entity\\Modalidad',
  60 => 'App\\Entity\\Nota',
  61 => 'App\\Entity\\Pais',
  62 => 'App\\Entity\\Persona',
  63 => 'App\\Entity\\Provincia',
  64 => 'App\\Entity\\Region',
  65 => 'App\\Entity\\Revista',
  66 => 'App\\Entity\\Rol',
  67 => 'App\\Entity\\Tecnicatura',
  68 => 'App\\Entity\\Telefono',
  69 => 'App\\Entity\\Titulo',
  70 => 'App\\Entity\\Turno',
  71 => 'App\\Entity\\User',
  72 => 'Doctrine\\Bundle\\DoctrineBundle\\Controller\\ProfilerController',
  73 => 'Doctrine\\ORM\\Cache\\Persister\\Entity\\AbstractEntityPersister',
  74 => 'Doctrine\\ORM\\Cache\\Persister\\Entity\\CachedEntityPersister',
  75 => 'Doctrine\\ORM\\Cache\\Persister\\Entity\\NonStrictReadWriteCachedEntityPersister',
  76 => 'Doctrine\\ORM\\Cache\\Persister\\Entity\\ReadOnlyCachedEntityPersister',
  77 => 'Doctrine\\ORM\\Cache\\Persister\\Entity\\ReadWriteCachedEntityPersister',
  78 => 'Doctrine\\ORM\\Persisters\\Entity\\AbstractEntityInheritancePersister',
  79 => 'Doctrine\\ORM\\Persisters\\Entity\\BasicEntityPersister',
  80 => 'Doctrine\\ORM\\Persisters\\Entity\\CachedPersisterContext',
  81 => 'Doctrine\\ORM\\Persisters\\Entity\\EntityPersister',
  82 => 'Doctrine\\ORM\\Persisters\\Entity\\JoinedSubclassPersister',
  83 => 'Doctrine\\ORM\\Persisters\\Entity\\SingleTablePersister',
  85 => 'Symfony\\Bundle\\FrameworkBundle\\Controller\\ControllerResolver',
  86 => 'Symfony\\Bundle\\FrameworkBundle\\Controller\\RedirectController',
  87 => 'Symfony\\Bundle\\FrameworkBundle\\Controller\\TemplateController',
  88 => 'Symfony\\Bundle\\WebProfilerBundle\\Controller\\ExceptionPanelController',
  89 => 'Symfony\\Bundle\\WebProfilerBundle\\Controller\\ProfilerController',
  90 => 'Symfony\\Bundle\\WebProfilerBundle\\Controller\\RouterController',
  91 => 'Symfony\\Component\\HttpKernel\\Controller\\ArgumentResolver',
  92 => 'Symfony\\Component\\HttpKernel\\Controller\\ArgumentResolverInterface',
  93 => 'Symfony\\Component\\HttpKernel\\Controller\\ArgumentResolver\\DefaultValueResolver',
  94 => 'Symfony\\Component\\HttpKernel\\Controller\\ArgumentResolver\\NotTaggedControllerValueResolver',
  95 => 'Symfony\\Component\\HttpKernel\\Controller\\ArgumentResolver\\RequestAttributeValueResolver',
  96 => 'Symfony\\Component\\HttpKernel\\Controller\\ArgumentResolver\\RequestValueResolver',
  97 => 'Symfony\\Component\\HttpKernel\\Controller\\ArgumentResolver\\ServiceValueResolver',
  98 => 'Symfony\\Component\\HttpKernel\\Controller\\ArgumentResolver\\SessionValueResolver',
  99 => 'Symfony\\Component\\HttpKernel\\Controller\\ArgumentResolver\\TraceableValueResolver',
  100 => 'Symfony\\Component\\HttpKernel\\Controller\\ArgumentResolver\\VariadicValueResolver',
  101 => 'Symfony\\Component\\HttpKernel\\Controller\\ArgumentValueResolverInterface',
  102 => 'Symfony\\Component\\HttpKernel\\Controller\\ContainerControllerResolver',
  103 => 'Symfony\\Component\\HttpKernel\\Controller\\ControllerReference',
  104 => 'Symfony\\Component\\HttpKernel\\Controller\\ControllerResolver',
  105 => 'Symfony\\Component\\HttpKernel\\Controller\\ControllerResolverInterface',
  106 => 'Symfony\\Component\\HttpKernel\\Controller\\ErrorController',
  107 => 'Symfony\\Component\\HttpKernel\\Controller\\TraceableArgumentResolver',
  108 => 'Symfony\\Component\\HttpKernel\\Controller\\TraceableControllerResolver',
  109 => 'Symfony\\Component\\Security\\Http\\Controller\\UserValueResolver',
);